---
source: tests/visual_regression.rs
assertion_line: 124
expression: output
---
Container { children: [Text { content: "╔═══ Confirmation ═══╗", style: Style { fg: Some(Color { r: 0, g: 255, b: 255 }), bg: None, modifiers: Modifier(BOLD) } }, Text { content: "║ ", style: Style { fg: Some(Color { r: 0, g: 255, b: 255 }), bg: None, modifiers: Modifier(BOLD) } }, Text { content: "Are you sure?", style: Style { fg: None, bg: None, modifiers: Modifier(0x0) } }, Text { content: " ║", style: Style { fg: Some(Color { r: 0, g: 255, b: 255 }), bg: None, modifiers: Modifier(BOLD) } }, Text { content: "╚═════════╝", style: Style { fg: Some(Color { r: 0, g: 255, b: 255 }), bg: None, modifiers: Modifier(BOLD) } }, Text { content: "  [ESC to close]", style: Style { fg: Some(Color { r: 128, g: 128, b: 128 }), bg: None, modifiers: Modifier(0x0) } }], area: Rect { x: 0, y: 0, width: 0, height: 0 }, style: Style { fg: None, bg: None, modifiers: Modifier(0x0) }, direction: Vertical }
